// Jest Snapshot v1, https://goo.gl/fbAQLP

exports[`CommonModal Component snapshots CommonModal props 1`] = `ShallowWrapper {}`;
