// Jest Snapshot v1, https://goo.gl/fbAQLP

exports[`FormInputText Component snapshots FormInputText props 1`] = `ShallowWrapper {}`;
