// Jest Snapshot v1, https://goo.gl/fbAQLP

exports[`CreateIncidentModal Component snapshots CreateIncidentModal props 1`] = `ShallowWrapper {}`;
