// Jest Snapshot v1, https://goo.gl/fbAQLP

exports[`Home Component snapshots Home props 1`] = `ShallowWrapper {}`;
