// Jest Snapshot v1, https://goo.gl/fbAQLP

exports[`FormInputDropdown Component snapshots FormInputDropdown props 1`] = `ShallowWrapper {}`;
